# serializer version: 1
# name: test_dot_graph_output[all_registers][all_registers_dot]
  '''
  // --- Function: func_mix_32_16 ---
  digraph asm_flow {
      node [shape=box fontname="Courier"];
      // Edge definitions: Green=Condition Met (e.g. je), Red=Condition Not Met (e.g. jne)
      "func_mix_32_16" [label="func_mix_32_16\n----------------\nmovl %eax, %ebx\lxorl %ecx, %edx\l"];
      "func_mix_32_16" -> "block_16bit" [color="black"];
      "block_16bit" [label="block_16bit\n----------------\naddw %ax, %bx\lsubw %si, %di\lret\l"];
  }
  
  // --- Function: func_mix_8_mem ---
  digraph asm_flow {
      node [shape=box fontname="Courier"];
      // Edge definitions: Green=Condition Met (e.g. je), Red=Condition Not Met (e.g. jne)
      "func_mix_8_mem" [label="func_mix_8_mem\n----------------\ncmpb %al, %bl\lincb %ah\l"];
      "func_mix_8_mem" -> "block_mem_imm" [color="green" label="je" fontcolor="green"];
      "func_mix_8_mem" -> "loc_27" [color="red" label="jne" fontcolor="red"];
      "block_mem_imm" [label="block_mem_imm\n----------------\nmovl $(42), 0(%edi)\lret\l"];
      "loc_27" [label="loc_27\n----------------\nret\l"];
  }
  '''
# ---
# name: test_dot_graph_output[empty][empty_dot]
  '''
  // --- Function: _start ---
  digraph asm_flow {
      node [shape=box fontname="Courier"];
      // Edge definitions: Green=Condition Met (e.g. je), Red=Condition Not Met (e.g. jne)
      "_start" [label="_start\n----------------\nret\l"];
  }
  '''
# ---
# name: test_dot_graph_output[merge_arrays][merge_arrays_dot]
  '''
  // --- Function: merge_arrays ---
  digraph asm_flow {
      node [shape=box fontname="Courier"];
      // Edge definitions: Green=Condition Met (e.g. je), Red=Condition Not Met (e.g. jne)
      "merge_arrays" [label="merge_arrays\n----------------\npushl %ebp\lpushl %esi\lpushl %edi\lmovl %esp, %ebp\lxorl %esi, %esi\lxorl %edi, %edi\lxorl %edx, %edx\l"];
      "merge_arrays" -> "loop" [color="black"];
      "loop" [label="loop\n----------------\ncmpl len1(%ebp), %esi\l"];
      "loop" -> "loc_25" [color="green" label="jl" fontcolor="green"];
      "loop" -> "pick2" [color="red" label="jge" fontcolor="red"];
      "loc_25" [label="loc_25\n----------------\ncmpl len2(%ebp), %edi\l"];
      "loc_25" -> "loc_28" [color="green" label="jl" fontcolor="green"];
      "loc_25" -> "pick1" [color="red" label="jge" fontcolor="red"];
      "pick2" [label="pick2\n----------------\ncmpl len2(%ebp), %edi\l"];
      "pick2" -> "loc_54" [color="green" label="jl" fontcolor="green"];
      "pick2" -> "return" [color="red" label="jge" fontcolor="red"];
      "loc_28" [label="loc_28\n----------------\nmovl src1(%ebp), %eax\lmovl 0(%eax,%esi,4), %ecx\lmovl src2(%ebp), %eax\lcmpl 0(%eax,%edi,4), %ecx\l"];
      "loc_28" -> "pick1" [color="green" label="jl" fontcolor="green"];
      "loc_28" -> "pick2" [color="red" label="jge" fontcolor="red"];
      "pick1" [label="pick1\n----------------\ncmpl len1(%ebp), %esi\l"];
      "pick1" -> "loc_40" [color="green" label="jl" fontcolor="green"];
      "pick1" -> "return" [color="red" label="jge" fontcolor="red"];
      "loc_54" [label="loc_54\n----------------\nmovl src2(%ebp), %eax\lmovl 0(%eax,%edi,4), %ecx\lmovl dest(%ebp), %eax\lmovl %ecx, 0(%eax,%edx,4)\lincl %edi\lincl %edx\l"];
      "loc_54" -> "loop" [color="black"];
      "return" [label="return\n----------------\nmovl %ebp, %esp\lpopl %edi\lpopl %esi\lpopl %ebp\lret\l"];
      "loc_40" [label="loc_40\n----------------\nmovl src1(%ebp), %eax\lmovl 0(%eax,%esi,4), %ecx\lmovl dest(%ebp), %eax\lmovl %ecx, 0(%eax,%edx,4)\lincl %esi\lincl %edx\l"];
      "loc_40" -> "loop" [color="black"];
  }
  '''
# ---
# name: test_dot_graph_output[multi_func][multi_func_dot]
  '''
  // --- Function: main ---
  digraph asm_flow {
      node [shape=box fontname="Courier"];
      // Edge definitions: Green=Condition Met (e.g. je), Red=Condition Not Met (e.g. jne)
      "main" [label="main\n----------------\nmovl $(10), %eax\lcall helper_func\l"];
      "main" -> "loc_9" [color="black"];
      "loc_9" [label="loc_9\n----------------\nxorl %ecx, %ecx\l"];
      "loc_9" -> "lp" [color="black"];
      "lp" [label="lp\n----------------\npushl %ecx\lincl %ecx\lcmpl %eax, %ecx\l"];
      "lp" -> "lp" [color="green" label="jb" fontcolor="green"];
      "lp" -> "loc_16" [color="red" label="jae" fontcolor="red"];
      "loc_16" [label="loc_16\n----------------\naddl $(40), %esp\lxorl %eax, %eax\lret\l"];
  }
  
  // --- Function: helper_func ---
  digraph asm_flow {
      node [shape=box fontname="Courier"];
      // Edge definitions: Green=Condition Met (e.g. je), Red=Condition Not Met (e.g. jne)
      "helper_func" [label="helper_func\n----------------\ncmpl $(5), %eax\l"];
      "helper_func" -> "loc_25" [color="green" label="jl" fontcolor="green"];
      "helper_func" -> "big_num" [color="red" label="jge" fontcolor="red"];
      "loc_25" [label="loc_25\n----------------\naddl $(5), %eax\lret\l"];
      "big_num" [label="big_num\n----------------\n\l"];
      "big_num" -> "big_num1" [color="black"];
      "big_num1" [label="big_num1\n----------------\nsubl $(1), %eax\lret\l"];
  }
  '''
# ---
